item,a,b
q,7,3+4
w,21.0,0.75
rtert,81.0,6
"circle,area",18,m2
